 
****************************************
Report : timing
        -path full
        -delay min
        -max_paths 10
Design : top
Version: G-2012.06-ICC-SP2
Date   : Sun Oct 14 07:35:29 2018
****************************************

 * Some/all delay information is back-annotated.

Operating Conditions: slow   Library: NangateOpenCellLibrary_ss0p95v125c
	Parasitic source    : LPE
	Parasitic mode      : RealRC
	Extraction mode     : MIN_MAX
	Extraction derating : 125/125/125

Information: Percent of Arnoldi-based delays =  0.00%

  Startpoint: D_Path/reg_file_inst/register_reg_7__0_
              (rising edge-triggered flip-flop clocked by clk)
  Endpoint: D_Path/reg_file_inst/register_reg_7__0_
            (rising edge-triggered flip-flop clocked by clk)
  Path Group: clk
  Path Type: min

  Point                                                   Incr       Path
  --------------------------------------------------------------------------
  clock clk (rise edge)                                   0.00       0.00
  clock network delay (propagated)                        0.42       0.42
  D_Path/reg_file_inst/register_reg_7__0_/CK (DFFR_X1)
                                                          0.00       0.42 r
  D_Path/reg_file_inst/register_reg_7__0_/QN (DFFR_X1)
                                                          0.24       0.66 r
  D_Path/reg_file_inst/U5106/ZN (INV_X1)                  0.02 &     0.68 f
  D_Path/reg_file_inst/U1867/ZN (NAND2_X1)                0.04 &     0.73 r
  D_Path/reg_file_inst/U630/ZN (OAI21_X1)                 0.04 &     0.77 f
  D_Path/reg_file_inst/register_reg_7__0_/D (DFFR_X1)     0.00 &     0.77 f
  data arrival time                                                  0.77

  clock clk (rise edge)                                   0.00       0.00
  clock network delay (propagated)                        0.42       0.42
  D_Path/reg_file_inst/register_reg_7__0_/CK (DFFR_X1)
                                                          0.00       0.42 r
  library hold time                                       0.04       0.46
  data required time                                                 0.46
  --------------------------------------------------------------------------
  data required time                                                 0.46
  data arrival time                                                 -0.77
  --------------------------------------------------------------------------
  slack (MET)                                                        0.31


  Startpoint: D_Path/reg_file_inst/register_reg_13__0_
              (rising edge-triggered flip-flop clocked by clk)
  Endpoint: D_Path/reg_file_inst/register_reg_13__0_
            (rising edge-triggered flip-flop clocked by clk)
  Path Group: clk
  Path Type: min

  Point                                                   Incr       Path
  --------------------------------------------------------------------------
  clock clk (rise edge)                                   0.00       0.00
  clock network delay (propagated)                        0.42       0.42
  D_Path/reg_file_inst/register_reg_13__0_/CK (DFFR_X1)
                                                          0.00       0.42 r
  D_Path/reg_file_inst/register_reg_13__0_/QN (DFFR_X1)
                                                          0.24       0.66 r
  D_Path/reg_file_inst/U5137/ZN (INV_X1)                  0.02 &     0.69 f
  D_Path/reg_file_inst/U1669/ZN (NAND2_X1)                0.04 &     0.73 r
  D_Path/reg_file_inst/U624/ZN (OAI21_X1)                 0.04 &     0.77 f
  D_Path/reg_file_inst/register_reg_13__0_/D (DFFR_X1)
                                                          0.00 &     0.77 f
  data arrival time                                                  0.77

  clock clk (rise edge)                                   0.00       0.00
  clock network delay (propagated)                        0.42       0.42
  D_Path/reg_file_inst/register_reg_13__0_/CK (DFFR_X1)
                                                          0.00       0.42 r
  library hold time                                       0.04       0.46
  data required time                                                 0.46
  --------------------------------------------------------------------------
  data required time                                                 0.46
  data arrival time                                                 -0.77
  --------------------------------------------------------------------------
  slack (MET)                                                        0.31


  Startpoint: D_Path/reg_file_inst/register_reg_14__0_
              (rising edge-triggered flip-flop clocked by clk)
  Endpoint: D_Path/reg_file_inst/register_reg_14__0_
            (rising edge-triggered flip-flop clocked by clk)
  Path Group: clk
  Path Type: min

  Point                                                   Incr       Path
  --------------------------------------------------------------------------
  clock clk (rise edge)                                   0.00       0.00
  clock network delay (propagated)                        0.42       0.42
  D_Path/reg_file_inst/register_reg_14__0_/CK (DFFR_X1)
                                                          0.00       0.42 r
  D_Path/reg_file_inst/register_reg_14__0_/QN (DFFR_X1)
                                                          0.24       0.66 r
  D_Path/reg_file_inst/U5136/ZN (INV_X1)                  0.02 &     0.69 f
  D_Path/reg_file_inst/U1636/ZN (NAND2_X1)                0.04 &     0.73 r
  D_Path/reg_file_inst/U623/ZN (OAI21_X1)                 0.04 &     0.77 f
  D_Path/reg_file_inst/register_reg_14__0_/D (DFFR_X1)
                                                          0.00 &     0.77 f
  data arrival time                                                  0.77

  clock clk (rise edge)                                   0.00       0.00
  clock network delay (propagated)                        0.42       0.42
  D_Path/reg_file_inst/register_reg_14__0_/CK (DFFR_X1)
                                                          0.00       0.42 r
  library hold time                                       0.04       0.46
  data required time                                                 0.46
  --------------------------------------------------------------------------
  data required time                                                 0.46
  data arrival time                                                 -0.77
  --------------------------------------------------------------------------
  slack (MET)                                                        0.31


  Startpoint: D_Path/reg_file_inst/register_reg_15__0_
              (rising edge-triggered flip-flop clocked by clk)
  Endpoint: D_Path/reg_file_inst/register_reg_15__0_
            (rising edge-triggered flip-flop clocked by clk)
  Path Group: clk
  Path Type: min

  Point                                                   Incr       Path
  --------------------------------------------------------------------------
  clock clk (rise edge)                                   0.00       0.00
  clock network delay (propagated)                        0.42       0.42
  D_Path/reg_file_inst/register_reg_15__0_/CK (DFFR_X1)
                                                          0.00       0.42 r
  D_Path/reg_file_inst/register_reg_15__0_/QN (DFFR_X1)
                                                          0.25       0.66 r
  D_Path/reg_file_inst/U5025/ZN (INV_X1)                  0.02 &     0.69 f
  D_Path/reg_file_inst/U1603/ZN (NAND2_X1)                0.04 &     0.73 r
  D_Path/reg_file_inst/U622/ZN (OAI21_X1)                 0.04 &     0.77 f
  D_Path/reg_file_inst/register_reg_15__0_/D (DFFR_X1)
                                                          0.00 &     0.77 f
  data arrival time                                                  0.77

  clock clk (rise edge)                                   0.00       0.00
  clock network delay (propagated)                        0.42       0.42
  D_Path/reg_file_inst/register_reg_15__0_/CK (DFFR_X1)
                                                          0.00       0.42 r
  library hold time                                       0.04       0.46
  data required time                                                 0.46
  --------------------------------------------------------------------------
  data required time                                                 0.46
  data arrival time                                                 -0.77
  --------------------------------------------------------------------------
  slack (MET)                                                        0.32


  Startpoint: D_Path/reg_file_inst/register_reg_10__0_
              (rising edge-triggered flip-flop clocked by clk)
  Endpoint: D_Path/reg_file_inst/register_reg_10__0_
            (rising edge-triggered flip-flop clocked by clk)
  Path Group: clk
  Path Type: min

  Point                                                   Incr       Path
  --------------------------------------------------------------------------
  clock clk (rise edge)                                   0.00       0.00
  clock network delay (propagated)                        0.38       0.38
  D_Path/reg_file_inst/register_reg_10__0_/CK (DFFR_X1)
                                                          0.00       0.38 r
  D_Path/reg_file_inst/register_reg_10__0_/QN (DFFR_X1)
                                                          0.23       0.61 r
  D_Path/reg_file_inst/U5043/ZN (INV_X1)                  0.03 &     0.64 f
  D_Path/reg_file_inst/U1768/ZN (NAND2_X1)                0.04 &     0.68 r
  D_Path/reg_file_inst/U627/ZN (OAI21_X1)                 0.04 &     0.73 f
  D_Path/reg_file_inst/register_reg_10__0_/D (DFFR_X1)
                                                          0.00 &     0.73 f
  data arrival time                                                  0.73

  clock clk (rise edge)                                   0.00       0.00
  clock network delay (propagated)                        0.38       0.38
  D_Path/reg_file_inst/register_reg_10__0_/CK (DFFR_X1)
                                                          0.00       0.38 r
  library hold time                                       0.02       0.41
  data required time                                                 0.41
  --------------------------------------------------------------------------
  data required time                                                 0.41
  data arrival time                                                 -0.73
  --------------------------------------------------------------------------
  slack (MET)                                                        0.32


  Startpoint: D_Path/reg_file_inst/register_reg_14__4_
              (rising edge-triggered flip-flop clocked by clk)
  Endpoint: D_Path/reg_file_inst/register_reg_14__4_
            (rising edge-triggered flip-flop clocked by clk)
  Path Group: clk
  Path Type: min

  Point                                                   Incr       Path
  --------------------------------------------------------------------------
  clock clk (rise edge)                                   0.00       0.00
  clock network delay (propagated)                        0.47       0.47
  D_Path/reg_file_inst/register_reg_14__4_/CK (DFFR_X1)
                                                          0.00       0.47 r
  D_Path/reg_file_inst/register_reg_14__4_/QN (DFFR_X1)
                                                          0.22       0.70 r
  D_Path/reg_file_inst/U5211/ZN (INV_X1)                  0.03 &     0.73 f
  D_Path/reg_file_inst/U1640/ZN (NAND2_X1)                0.04 &     0.78 r
  D_Path/reg_file_inst/U2140/ZN (OAI21_X1)                0.04 &     0.81 f
  D_Path/reg_file_inst/register_reg_14__4_/D (DFFR_X1)
                                                          0.00 &     0.81 f
  data arrival time                                                  0.81

  clock clk (rise edge)                                   0.00       0.00
  clock network delay (propagated)                        0.47       0.47
  D_Path/reg_file_inst/register_reg_14__4_/CK (DFFR_X1)
                                                          0.00       0.47 r
  library hold time                                       0.02       0.50
  data required time                                                 0.50
  --------------------------------------------------------------------------
  data required time                                                 0.50
  data arrival time                                                 -0.81
  --------------------------------------------------------------------------
  slack (MET)                                                        0.32


  Startpoint: D_Path/reg_file_inst/register_reg_21__1_
              (rising edge-triggered flip-flop clocked by clk)
  Endpoint: D_Path/reg_file_inst/register_reg_21__1_
            (rising edge-triggered flip-flop clocked by clk)
  Path Group: clk
  Path Type: min

  Point                                                   Incr       Path
  --------------------------------------------------------------------------
  clock clk (rise edge)                                   0.00       0.00
  clock network delay (propagated)                        0.38       0.38
  D_Path/reg_file_inst/register_reg_21__1_/CK (DFFR_X1)
                                                          0.00       0.38 r
  D_Path/reg_file_inst/register_reg_21__1_/QN (DFFR_X1)
                                                          0.23       0.61 r
  D_Path/reg_file_inst/U4858/ZN (INV_X1)                  0.03 &     0.64 f
  D_Path/reg_file_inst/U1406/ZN (NAND2_X1)                0.04 &     0.69 r
  D_Path/reg_file_inst/U1032/ZN (OAI21_X1)                0.04 &     0.73 f
  D_Path/reg_file_inst/register_reg_21__1_/D (DFFR_X1)
                                                          0.00 &     0.73 f
  data arrival time                                                  0.73

  clock clk (rise edge)                                   0.00       0.00
  clock network delay (propagated)                        0.38       0.38
  D_Path/reg_file_inst/register_reg_21__1_/CK (DFFR_X1)
                                                          0.00       0.38 r
  library hold time                                       0.03       0.41
  data required time                                                 0.41
  --------------------------------------------------------------------------
  data required time                                                 0.41
  data arrival time                                                 -0.73
  --------------------------------------------------------------------------
  slack (MET)                                                        0.32


  Startpoint: D_Path/reg_file_inst/register_reg_11__1_
              (rising edge-triggered flip-flop clocked by clk)
  Endpoint: D_Path/reg_file_inst/register_reg_11__1_
            (rising edge-triggered flip-flop clocked by clk)
  Path Group: clk
  Path Type: min

  Point                                                   Incr       Path
  --------------------------------------------------------------------------
  clock clk (rise edge)                                   0.00       0.00
  clock network delay (propagated)                        0.48       0.48
  D_Path/reg_file_inst/register_reg_11__1_/CK (DFFR_X1)
                                                          0.00       0.48 r
  D_Path/reg_file_inst/register_reg_11__1_/QN (DFFR_X1)
                                                          0.23       0.71 r
  D_Path/reg_file_inst/U5009/ZN (INV_X1)                  0.03 &     0.74 f
  D_Path/reg_file_inst/U1736/ZN (NAND2_X1)                0.05 &     0.79 r
  D_Path/reg_file_inst/U2158/ZN (OAI21_X1)                0.04 &     0.83 f
  D_Path/reg_file_inst/register_reg_11__1_/D (DFFR_X1)
                                                          0.00 &     0.83 f
  data arrival time                                                  0.83

  clock clk (rise edge)                                   0.00       0.00
  clock network delay (propagated)                        0.48       0.48
  D_Path/reg_file_inst/register_reg_11__1_/CK (DFFR_X1)
                                                          0.00       0.48 r
  library hold time                                       0.03       0.51
  data required time                                                 0.51
  --------------------------------------------------------------------------
  data required time                                                 0.51
  data arrival time                                                 -0.83
  --------------------------------------------------------------------------
  slack (MET)                                                        0.32


  Startpoint: D_Path/reg_file_inst/register_reg_20__1_
              (rising edge-triggered flip-flop clocked by clk)
  Endpoint: D_Path/reg_file_inst/register_reg_20__1_
            (rising edge-triggered flip-flop clocked by clk)
  Path Group: clk
  Path Type: min

  Point                                                   Incr       Path
  --------------------------------------------------------------------------
  clock clk (rise edge)                                   0.00       0.00
  clock network delay (propagated)                        0.38       0.38
  D_Path/reg_file_inst/register_reg_20__1_/CK (DFFR_X1)
                                                          0.00       0.38 r
  D_Path/reg_file_inst/register_reg_20__1_/QN (DFFR_X1)
                                                          0.23       0.61 r
  D_Path/reg_file_inst/U4841/ZN (INV_X1)                  0.03 &     0.65 f
  D_Path/reg_file_inst/U1439/ZN (NAND2_X1)                0.04 &     0.69 r
  D_Path/reg_file_inst/U1039/ZN (OAI21_X1)                0.04 &     0.73 f
  D_Path/reg_file_inst/register_reg_20__1_/D (DFFR_X1)
                                                          0.00 &     0.73 f
  data arrival time                                                  0.73

  clock clk (rise edge)                                   0.00       0.00
  clock network delay (propagated)                        0.38       0.38
  D_Path/reg_file_inst/register_reg_20__1_/CK (DFFR_X1)
                                                          0.00       0.38 r
  library hold time                                       0.03       0.41
  data required time                                                 0.41
  --------------------------------------------------------------------------
  data required time                                                 0.41
  data arrival time                                                 -0.73
  --------------------------------------------------------------------------
  slack (MET)                                                        0.32


  Startpoint: D_Path/reg_file_inst/register_reg_24__0_
              (rising edge-triggered flip-flop clocked by clk)
  Endpoint: D_Path/reg_file_inst/register_reg_24__0_
            (rising edge-triggered flip-flop clocked by clk)
  Path Group: clk
  Path Type: min

  Point                                                   Incr       Path
  --------------------------------------------------------------------------
  clock clk (rise edge)                                   0.00       0.00
  clock network delay (propagated)                        0.23       0.23
  D_Path/reg_file_inst/register_reg_24__0_/CK (DFFR_X1)
                                                          0.00       0.23 r
  D_Path/reg_file_inst/register_reg_24__0_/QN (DFFR_X1)
                                                          0.22       0.45 r
  D_Path/reg_file_inst/U4798/ZN (INV_X1)                  0.03 &     0.48 f
  D_Path/reg_file_inst/U1306/ZN (NAND2_X1)                0.05 &     0.53 r
  D_Path/reg_file_inst/U613/ZN (OAI21_X1)                 0.04 &     0.57 f
  D_Path/reg_file_inst/register_reg_24__0_/D (DFFR_X1)
                                                          0.00 &     0.57 f
  data arrival time                                                  0.57

  clock clk (rise edge)                                   0.00       0.00
  clock network delay (propagated)                        0.23       0.23
  D_Path/reg_file_inst/register_reg_24__0_/CK (DFFR_X1)
                                                          0.00       0.23 r
  library hold time                                       0.02       0.25
  data required time                                                 0.25
  --------------------------------------------------------------------------
  data required time                                                 0.25
  data arrival time                                                 -0.57
  --------------------------------------------------------------------------
  slack (MET)                                                        0.32


1
